// Jest Snapshot v1, https://goo.gl/fbAQLP

exports[`LoadingEditor renders as expected 1`] = `
<div
  className="container-fluid"
>
  <form
    className=""
  >
    <div
      className="row"
    >
      <div
        className="col-12"
      >
        <span
          className="w-100 placeholder-glow placeholder-lg"
        />
      </div>
    </div>
    <div
      className="row"
    >
      <div
        className="col-6"
      >
        <span
          className="w-100 placeholder-glow"
        />
      </div>
      <div
        className="col-6"
      >
        <span
          className="w-100 placeholder-glow"
        />
      </div>
    </div>
    <div
      className="row"
    >
      <div
        className="col-12"
      >
        <span
          className="w-100 placeholder-glow"
        />
      </div>
    </div>
    <div
      className="row"
    >
      <div
        className="col-4"
      >
        <span
          className="w-100 placeholder-glow"
        />
      </div>
      <div
        className="col-8"
      >
        <span
          className="w-100 placeholder-glow"
        />
      </div>
    </div>
    <div
      className="row"
    >
      <div
        className="col-12"
      >
        <span
          className="w-100 placeholder-glow"
        />
      </div>
    </div>
  </form>
</div>
`;
